// Jest Snapshot v1, https://goo.gl/fbAQLP

exports[`should render a section 1`] = `
<Fragment>
  <div
    className="Results_Header"
  >
    <img
      alt="logo"
      className="Results__Logo"
      onClick={[Function]}
      src="file"
    />
    <div
      className="Results__spacer"
    />
    <div
      className="Results__searchwrapper"
    >
      <SearchBar
        onSearch={[Function]}
        query="cs"
      />
    </div>
    <TermDropdown
      compact={true}
      onChange={[Function]}
      termId="202030"
    />
  </div>
  <div
    className="Results_Container"
  >
    <div>
      <div
        className="Results_Loading"
      />
    </div>
    <div
      className="botttomPadding"
    />
    <Footer />
  </div>
</Fragment>
`;
